[www.energy.gov/science-innovation/electric-power.html]
[backblue.gif]
[fade.gif]
[index.html]
[www.google-analytics.com/analytics.js]
[www.energy.gov/sites/default/files/image8grid_0.jpg]
[www.energy.gov/sites/default/files/google_tag/energygov/google_tag.script3801.js]
[www.energy.gov/sites/default/files/css/css_c4zKNrIN-saJf1l_oTSUy5iRgC55z_9qLtK_nqbIQaU.css]
[www.energy.gov/sites/default/files/css/css_vvcy90iACd-c4W4CeAYXBcBJIHvk9OMgM9Gup6dTDgE.css]
[www.energy.gov/sites/default/files/js/js_hebbftzhYNS_zqzLeXqvpl2v17L_9pIWRYjjLp7x6JA.js]
[www.energy.gov/themes/particle/dist/app-drupal/assets/energy_crest.png]
[www.energy.gov/science-innovation/climate-change.html]
[www.energy.gov/science-innovation/energy-sources/fossil.html]
[www.energy.gov/science-innovation/energy-sources/nuclear.html]
[www.energy.gov/science-innovation/energy-sources/renewable-energy/wind.html]
[www.energy.gov/science-innovation/electric-power/smart-grid.html]
[www.energy.gov/science-innovation/electric-power/storage.html]
[www.energy.gov/sites/default/files/styles/featured_image_full/public/Smart Grid 0613af22.jpg]
[www.energy.gov/sites/default/files/styles/featured_image_full/public/doestock-pnnl-battery7bf1.png]
[www.energy.gov/sites/default/files/styles/listing_large/public/2017/04/f34/blur-1846617_1920.jpg44ac.png]
[www.energy.gov/sites/default/files/styles/listing_large/public/theGrid_Infographic_slide1e8ae.png]
[www.energy.gov/sites/default/files/styles/listing_large/public/2015/08/f25/image10gridec80.jpg]
[www.energy.gov/themes/particle/dist/app-drupal/assets/energy_white.png]
[dap.digitalgov.gov/Universal-Federated-Analytics-Mind939.js]
[www.energy.gov/sites/default/files/js/js_Ta-B05dJRHX8-8kGanprNKeQjG5hD9QgF5ErgtO6REA.js]
[polyfill.io/v3/polyfill.mind82c.js]
[unpkg.com/react@16.12.0/umd/react.production.min.js]
[www.energy.gov/sites/default/files/js/js_KgHlrnUPuIdagerWNn1wvBCH-Bv3STn_htmNuQikNCQ.js]
[unpkg.com/react-dom@16.12.0/umd/react-dom.production.min.js]
[www.energy.gov/sites/default/files/js/js_T2G6RL9zqp4INOYrmYsSxZ_SiQthjC-rTXVHjv8Go1c.js]
[www.energy.gov/science-innovation/electric-power.html]
[www.energy.gov/core/themes/stable/images/core/throbber-active.gif]
[www.energy.gov/core/themes/stable/images/core/loading-small.gif]
[www.energy.gov/core/themes/stable/images/core/throbber-inactive.png]
[www.energy.gov/core/themes/stable/images/core/tree.png]
[www.energy.gov/core/themes/stable/images/core/tree-bottom.png]
[www.energy.gov/sites/default/files/css/css_c4zKNrIN-saJf1l_oTSUy5iRgC55z_9qLtK_nqbIQaU.css]
[www.energy.gov/sites/default/files/css/css_vvcy90iACd-c4W4CeAYXBcBJIHvk9OMgM9Gup6dTDgE.css]
[www.energy.gov/sites/default/files/2017/05/f34/26962.jpg]
[www.energy.gov/sites/default/files/styles/featured_image_full/public/M15-162b-EarthAtmosphere-CarbonDioxide-FutureRoleInGlobalWarming-Simulation-2015110923_048ed.jpg]
[www.energy.gov/sites/default/files/styles/featured_image_full/public/regionalvulnerabilites_05fcb.jpg]
[www.energy.gov/sites/default/files/styles/featured_image_full/public/2017/05/f34/episode2-hero-with-titlefbed.jpg]
[www.energy.gov/sites/default/files/styles/featured_image_full/public/2018/06/f53/nAtlHurricanesTake2.05577aba.jpg]
[www.energy.gov/science-innovation/climate-change.html]
[www.energy.gov/sites/default/files/oil pump at teapot dome.jpg]
[www.energy.gov/sites/default/files/styles/featured_image_full/public/lng_tankerdec2.jpg]
[www.energy.gov/sites/default/files/styles/featured_image_full/public/Crude oil pipes at SPR Bryan Mound site near Freeport TX.DOE_b882.jpg]
[www.energy.gov/sites/default/files/styles/featured_image_full/public/06731_NREL_Coal81f1.jpg]
[www.energy.gov/sites/default/files/styles/listing_large/public/2017/07/f35/2015-ATLAS-V-cover_09472.jpg]
[www.energy.gov/sites/default/files/styles/listing_large/public/2019/01/f58/spr_stock002_med1c39.jpg]
[www.energy.gov/sites/default/files/styles/listing_large/public/carbon capture thumbnail3904.png]
[www.energy.gov/sites/default/files/styles/listing_large/public/all_plants_1f654.png]
[www.energy.gov/sites/default/files/styles/listing_large/public/Screen grab01e3.png]
[www.energy.gov/science-innovation/energy-sources/fossil.html]
[www.energy.gov/sites/default/files/nuclear.jpg]
[www.energy.gov/sites/default/files/styles/featured_image_full/public/sweet_looking_nuclear_power_thingya1d5.png]
[www.energy.gov/sites/default/files/styles/featured_image_full/public/INL-data.cave_7c66.jpg]
[www.energy.gov/sites/default/files/styles/listing_large/public/2021-04/How-Much-Power-Does-a-Nuclear-Reactor-Produce-with-title-1200x6277968.png]
[www.energy.gov/sites/default/files/styles/listing_large/public/HotFuelExaminationFacility52d8.png]
[www.energy.gov/sites/default/files/styles/listing_large/public/2021-04/5FastFactsThumb_1200x630bff2.png]
[www.energy.gov/sites/default/files/styles/listing_large/public/NuScale_Reactor_Building_SideA_Final HIGH RES (1)9cb4.jpg]
[www.energy.gov/sites/default/files/styles/listing_large/public/8167736696_6096b9d9a7_obd18.jpg]
[www.energy.gov/sites/default/files/styles/listing_large/public/TREAT_1e5e6.png]
[www.energy.gov/science-innovation/energy-sources/nuclear.html]
[www.energy.gov/sites/default/files/2017/05/f34/wind farm 4.jpg]
[www.energy.gov/sites/default/files/css/css_TmH8CFoskq9E87ul6IfAHDW5Tz1LtQ_aKcZT1aJ0I-c.css]
[www.energy.gov/sites/default/files/styles/featured_image_full/public/DOE-LPO_Project-Photos_WIND_Shepherds-Flat_06ae31.png]
[www.energy.gov/sites/default/files/styles/featured_image_full/public/windblades_16cd1.jpg]
[www.energy.gov/sites/default/files/styles/listing_large/public/wind turbine rappel 43e9.jpg]
[www.energy.gov/sites/default/files/styles/listing_large/public/26489_00de4.jpg]
[www.energy.gov/sites/default/files/styles/listing_large/public/offshoreherofff4.jpg]
[www.energy.gov/sites/default/files/styles/listing_large/public/DOE-LPO_Project-Photos_WIND_Shepherds-Flat_06320b.png]
[www.energy.gov/sites/default/files/styles/listing_large/public/Wind-quiz-hero_0f558.png]
[www.energy.gov/sites/default/files/styles/listing_large/public/windVision_05d3f.jpg]
[www.energy.gov/sites/default/files/styles/listing_large/public/40389aae4.jpg]
[www.energy.gov/sites/default/files/styles/listing_large/public/2016_Wind_Technologies_Market_Reportd65a.png]
[www.energy.gov/sites/default/files/styles/listing_large/public/2016-Distributed-Wind-Market-Report 1e268.png]
[www.energy.gov/sites/default/files/styles/listing_large/public/2016 Offshore Wind Technologies Market Reportc3c7.png]
[www.energy.gov/science-innovation/energy-sources/renewable-energy/wind.html]
[www.energy.gov/sites/default/files/PNNL Battery.jpg]
[www.energy.gov/sites/default/files/styles/featured_image_full/public/WhatsYourGridIQ265a.png]
[www.energy.gov/sites/default/files/styles/featured_image_full/public/theGrid_Infographic_slide17c78.png]
[www.energy.gov/sites/default/files/styles/full_article_width/public/2019/02/f59/what-is-smart-gride98a.jpg]
[www.energy.gov/sites/default/files/styles/full_article_width/public/2017/06/f34/energysaver_green_on8b75.png]
[www.energy.gov/science-innovation/electric-power/smart-grid.html]
[www.energy.gov/sites/default/files/doestock-pnnl-battery.png]
[www.energy.gov/sites/default/files/styles/featured_image_full/public/Aquion_Sodium-Ion-Battery-Aug2013 image_0c431.jpg]
[www.energy.gov/sites/default/files/styles/featured_image_full/public/TVA-PSH-plant9d00.jpg]
[www.energy.gov/science-innovation/electric-power/storage.html]
[www.energy.gov/sites/default/files/2017/05/f34/26962.jpg]
